// Jest Snapshot v1, https://goo.gl/fbAQLP

exports[`loads the container with everything 1`] = `
<nav
  className="navBar"
>
  <h1>
    Mathemagics
  </h1>
  <ul>
    <li>
      <a
        className=""
        href="/home"
        onClick={[Function]}
      >
        Home
      </a>
    </li>
    <li>
      <a
        className=""
        href="/calculator"
        onClick={[Function]}
      >
        Calculator
      </a>
    </li>
    <li>
      <a
        className=""
        href="/quote"
        onClick={[Function]}
      >
        Quote
      </a>
    </li>
  </ul>
</nav>
`;

exports[`loads the nav with everything 1`] = `
<nav
  className="navBar"
>
  <h1>
    Mathemagics
  </h1>
  <ul>
    <li>
      <a
        className=""
        href="/home"
        onClick={[Function]}
      >
        Home
      </a>
    </li>
    <li>
      <a
        className=""
        href="/calculator"
        onClick={[Function]}
      >
        Calculator
      </a>
    </li>
    <li>
      <a
        className=""
        href="/quote"
        onClick={[Function]}
      >
        Quote
      </a>
    </li>
  </ul>
</nav>
`;

exports[`that home works 1`] = `
<nav
  className="navBar"
>
  <h1>
    Mathemagics
  </h1>
  <ul>
    <li>
      <a
        className=""
        href="/home"
        onClick={[Function]}
      >
        Home
      </a>
    </li>
    <li>
      <a
        className=""
        href="/calculator"
        onClick={[Function]}
      >
        Calculator
      </a>
    </li>
    <li>
      <a
        className=""
        href="/quote"
        onClick={[Function]}
      >
        Quote
      </a>
    </li>
  </ul>
</nav>
`;
